// Jest Snapshot v1, https://goo.gl/fbAQLP

exports[`getBinaryPath when platform is "darwin" returns CLI path 1`] = `"directory/name"`;

exports[`getBinaryPath when platform is "linux" returns CLI path 1`] = `"directory/name"`;

exports[`getBinaryPath when platform is "win32" returns CLI path 1`] = `"directory/name.exe"`;

exports[`getDownloadUrl when platform is "darwin" and arch is "arm" returns download object 1`] = `"http://broth.itch.ovh/butler/darwin-386/1.2.3/archive/default"`;

exports[`getDownloadUrl when platform is "darwin" and arch is "arm64" returns download object 1`] = `"http://broth.itch.ovh/butler/darwin-amd64/1.2.3/archive/default"`;

exports[`getDownloadUrl when platform is "darwin" and arch is "x32" returns download object 1`] = `"http://broth.itch.ovh/butler/darwin-386/1.2.3/archive/default"`;

exports[`getDownloadUrl when platform is "darwin" and arch is "x64" returns download object 1`] = `"http://broth.itch.ovh/butler/darwin-amd64/1.2.3/archive/default"`;

exports[`getDownloadUrl when platform is "linux" and arch is "arm" returns download object 1`] = `"http://broth.itch.ovh/butler/linux-386/1.2.3/archive/default"`;

exports[`getDownloadUrl when platform is "linux" and arch is "arm64" returns download object 1`] = `"http://broth.itch.ovh/butler/linux-amd64/1.2.3/archive/default"`;

exports[`getDownloadUrl when platform is "linux" and arch is "x32" returns download object 1`] = `"http://broth.itch.ovh/butler/linux-386/1.2.3/archive/default"`;

exports[`getDownloadUrl when platform is "linux" and arch is "x64" returns download object 1`] = `"http://broth.itch.ovh/butler/linux-amd64/1.2.3/archive/default"`;

exports[`getDownloadUrl when platform is "win32" and arch is "arm" returns download object 1`] = `"http://broth.itch.ovh/butler/windows-386/1.2.3/archive/default"`;

exports[`getDownloadUrl when platform is "win32" and arch is "arm64" returns download object 1`] = `"http://broth.itch.ovh/butler/windows-amd64/1.2.3/archive/default"`;

exports[`getDownloadUrl when platform is "win32" and arch is "x32" returns download object 1`] = `"http://broth.itch.ovh/butler/windows-386/1.2.3/archive/default"`;

exports[`getDownloadUrl when platform is "win32" and arch is "x64" returns download object 1`] = `"http://broth.itch.ovh/butler/windows-amd64/1.2.3/archive/default"`;
